Archive member included to satisfy reference by file (symbol)

C:/NXP/S32DS.3.3/S32DS/build_tools/gcc_b1620/gcc-6.3-arm32-eabi/arm-none-eabi/newlib/lib/thumb/v7e-m/fpv4-sp/hard\libc_nano.a(lib_a-exit.o)
                              C:/NXP/S32DS.3.3/S32DS/build_tools/gcc_b1620/gcc-6.3-arm32-eabi/arm-none-eabi/newlib/lib/thumb/v7e-m/fpv4-sp/hard/crt0.o (exit)
C:/NXP/S32DS.3.3/S32DS/build_tools/gcc_b1620/gcc-6.3-arm32-eabi/arm-none-eabi/newlib/lib/thumb/v7e-m/fpv4-sp/hard\libc_nano.a(lib_a-impure.o)
                              C:/NXP/S32DS.3.3/S32DS/build_tools/gcc_b1620/gcc-6.3-arm32-eabi/arm-none-eabi/newlib/lib/thumb/v7e-m/fpv4-sp/hard\libc_nano.a(lib_a-exit.o) (_global_impure_ptr)
C:/NXP/S32DS.3.3/S32DS/build_tools/gcc_b1620/gcc-6.3-arm32-eabi/arm-none-eabi/newlib/lib/thumb/v7e-m/fpv4-sp/hard\libc_nano.a(lib_a-init.o)
                              C:/NXP/S32DS.3.3/S32DS/build_tools/gcc_b1620/gcc-6.3-arm32-eabi/arm-none-eabi/newlib/lib/thumb/v7e-m/fpv4-sp/hard/crt0.o (__libc_init_array)
C:/NXP/S32DS.3.3/S32DS/build_tools/gcc_b1620/gcc-6.3-arm32-eabi/arm-none-eabi/newlib/lib/thumb/v7e-m/fpv4-sp/hard\libc_nano.a(lib_a-memset.o)
                              C:/NXP/S32DS.3.3/S32DS/build_tools/gcc_b1620/gcc-6.3-arm32-eabi/arm-none-eabi/newlib/lib/thumb/v7e-m/fpv4-sp/hard/crt0.o (memset)
C:/NXP/S32DS.3.3/S32DS/build_tools/gcc_b1620/gcc-6.3-arm32-eabi/arm-none-eabi/newlib/lib/thumb/v7e-m/fpv4-sp/hard\libnosys.a(_exit.o)
                              C:/NXP/S32DS.3.3/S32DS/build_tools/gcc_b1620/gcc-6.3-arm32-eabi/arm-none-eabi/newlib/lib/thumb/v7e-m/fpv4-sp/hard\libc_nano.a(lib_a-exit.o) (_exit)

Allocating common symbols
Common symbol       size              file

g_xtal0ClkFreq      0x4               ./SDK/platform/drivers/src/clock/S32K1xx/clock_S32K1xx.o
dmaControllerChn0_State
                    0x10              ./board/peripherals_edma_config_1.o
g_RtcClkInFreq      0x4               ./SDK/platform/drivers/src/clock/S32K1xx/clock_S32K1xx.o
lpUartState1        0x34              ./board/peripherals_lpuart_1.o
g_TClkFreq          0xc               ./SDK/platform/drivers/src/clock/S32K1xx/clock_S32K1xx.o
dmaController_State
                    0x40              ./board/peripherals_edma_config_1.o

Discarded input sections

 .text          0x00000000        0x0 c:/nxp/s32ds.3.3/s32ds/build_tools/gcc_v6.3/gcc-6.3-arm32-eabi/bin/../lib/gcc/arm-none-eabi/6.3.1/thumb/v7e-m/fpv4-sp/hard/crti.o
 .data          0x00000000        0x0 c:/nxp/s32ds.3.3/s32ds/build_tools/gcc_v6.3/gcc-6.3-arm32-eabi/bin/../lib/gcc/arm-none-eabi/6.3.1/thumb/v7e-m/fpv4-sp/hard/crti.o
 .bss           0x00000000        0x0 c:/nxp/s32ds.3.3/s32ds/build_tools/gcc_v6.3/gcc-6.3-arm32-eabi/bin/../lib/gcc/arm-none-eabi/6.3.1/thumb/v7e-m/fpv4-sp/hard/crti.o
 .text          0x00000000       0xa4 c:/nxp/s32ds.3.3/s32ds/build_tools/gcc_v6.3/gcc-6.3-arm32-eabi/bin/../lib/gcc/arm-none-eabi/6.3.1/thumb/v7e-m/fpv4-sp/hard/crtbegin.o
 .data          0x00000000        0x4 c:/nxp/s32ds.3.3/s32ds/build_tools/gcc_v6.3/gcc-6.3-arm32-eabi/bin/../lib/gcc/arm-none-eabi/6.3.1/thumb/v7e-m/fpv4-sp/hard/crtbegin.o
 .bss           0x00000000       0x1c c:/nxp/s32ds.3.3/s32ds/build_tools/gcc_v6.3/gcc-6.3-arm32-eabi/bin/../lib/gcc/arm-none-eabi/6.3.1/thumb/v7e-m/fpv4-sp/hard/crtbegin.o
 .init_array    0x00000000        0x4 c:/nxp/s32ds.3.3/s32ds/build_tools/gcc_v6.3/gcc-6.3-arm32-eabi/bin/../lib/gcc/arm-none-eabi/6.3.1/thumb/v7e-m/fpv4-sp/hard/crtbegin.o
 .fini_array    0x00000000        0x4 c:/nxp/s32ds.3.3/s32ds/build_tools/gcc_v6.3/gcc-6.3-arm32-eabi/bin/../lib/gcc/arm-none-eabi/6.3.1/thumb/v7e-m/fpv4-sp/hard/crtbegin.o
 .eh_frame      0x00000000        0x0 c:/nxp/s32ds.3.3/s32ds/build_tools/gcc_v6.3/gcc-6.3-arm32-eabi/bin/../lib/gcc/arm-none-eabi/6.3.1/thumb/v7e-m/fpv4-sp/hard/crtbegin.o
 .jcr           0x00000000        0x0 c:/nxp/s32ds.3.3/s32ds/build_tools/gcc_v6.3/gcc-6.3-arm32-eabi/bin/../lib/gcc/arm-none-eabi/6.3.1/thumb/v7e-m/fpv4-sp/hard/crtbegin.o
 .tm_clone_table
                0x00000000        0x0 c:/nxp/s32ds.3.3/s32ds/build_tools/gcc_v6.3/gcc-6.3-arm32-eabi/bin/../lib/gcc/arm-none-eabi/6.3.1/thumb/v7e-m/fpv4-sp/hard/crtbegin.o
 .comment       0x00000000       0xa1 c:/nxp/s32ds.3.3/s32ds/build_tools/gcc_v6.3/gcc-6.3-arm32-eabi/bin/../lib/gcc/arm-none-eabi/6.3.1/thumb/v7e-m/fpv4-sp/hard/crtbegin.o
 .ARM.attributes
                0x00000000       0x34 c:/nxp/s32ds.3.3/s32ds/build_tools/gcc_v6.3/gcc-6.3-arm32-eabi/bin/../lib/gcc/arm-none-eabi/6.3.1/thumb/v7e-m/fpv4-sp/hard/crtbegin.o
 .text          0x00000000       0x7c C:/NXP/S32DS.3.3/S32DS/build_tools/gcc_b1620/gcc-6.3-arm32-eabi/arm-none-eabi/newlib/lib/thumb/v7e-m/fpv4-sp/hard/crt0.o
 .data          0x00000000        0x0 C:/NXP/S32DS.3.3/S32DS/build_tools/gcc_b1620/gcc-6.3-arm32-eabi/arm-none-eabi/newlib/lib/thumb/v7e-m/fpv4-sp/hard/crt0.o
 .bss           0x00000000        0x0 C:/NXP/S32DS.3.3/S32DS/build_tools/gcc_b1620/gcc-6.3-arm32-eabi/arm-none-eabi/newlib/lib/thumb/v7e-m/fpv4-sp/hard/crt0.o
[...]
Memory Configuration

Name             Origin             Length             Attributes
m_interrupts     0x1ffe0000         0x00000400         xr
m_text           0x1ffe0400         0x0001fc00         xr
m_data           0x20000000         0x0001f000         rw
*default*        0x00000000         0xffffffff

Linker script and memory map

LOAD c:/nxp/s32ds.3.3/s32ds/build_tools/gcc_v6.3/gcc-6.3-arm32-eabi/bin/../lib/gcc/arm-none-eabi/6.3.1/thumb/v7e-m/fpv4-sp/hard/crti.o
LOAD c:/nxp/s32ds.3.3/s32ds/build_tools/gcc_v6.3/gcc-6.3-arm32-eabi/bin/../lib/gcc/arm-none-eabi/6.3.1/thumb/v7e-m/fpv4-sp/hard/crtbegin.o
LOAD C:/NXP/S32DS.3.3/S32DS/build_tools/gcc_b1620/gcc-6.3-arm32-eabi/arm-none-eabi/newlib/lib/thumb/v7e-m/fpv4-sp/hard/crt0.o
LOAD ./Project_Settings/Startup_Code/startup_S32K148.o
LOAD ./SDK/platform/devices/S32K148/startup/system_S32K148.o
LOAD ./SDK/platform/devices/startup.o
LOAD ./SDK/platform/drivers/src/clock/S32K1xx/clock_S32K1xx.o
LOAD ./SDK/platform/drivers/src/edma/edma_driver.o
LOAD ./SDK/platform/drivers/src/edma/edma_hw_access.o
LOAD ./SDK/platform/drivers/src/edma/edma_irq.o
LOAD ./SDK/platform/drivers/src/interrupt/interrupt_manager.o
LOAD ./SDK/platform/drivers/src/lpuart/lpuart_driver.o
LOAD ./SDK/platform/drivers/src/lpuart/lpuart_hw_access.o
LOAD ./SDK/platform/drivers/src/lpuart/lpuart_irq.o
LOAD ./SDK/platform/drivers/src/pins/pins_driver.o
LOAD ./SDK/platform/drivers/src/pins/pins_port_hw_access.o
LOAD ./SDK/rtos/osif/osif_baremetal.o
LOAD ./board/clock_config.o
LOAD ./board/peripherals_edma_config_1.o
LOAD ./board/peripherals_lpuart_1.o
LOAD ./board/peripherals_osif_1.o
LOAD ./board/pin_mux.o
LOAD ./src/main.o
START GROUP
LOAD c:/nxp/s32ds.3.3/s32ds/build_tools/gcc_v6.3/gcc-6.3-arm32-eabi/bin/../lib/gcc/arm-none-eabi/6.3.1/thumb/v7e-m/fpv4-sp/hard\libgcc.a
LOAD C:/NXP/S32DS.3.3/S32DS/build_tools/gcc_b1620/gcc-6.3-arm32-eabi/arm-none-eabi/newlib/lib/thumb/v7e-m/fpv4-sp/hard\libc_nano.a
END GROUP
START GROUP
LOAD c:/nxp/s32ds.3.3/s32ds/build_tools/gcc_v6.3/gcc-6.3-arm32-eabi/bin/../lib/gcc/arm-none-eabi/6.3.1/thumb/v7e-m/fpv4-sp/hard\libgcc.a
LOAD C:/NXP/S32DS.3.3/S32DS/build_tools/gcc_b1620/gcc-6.3-arm32-eabi/arm-none-eabi/newlib/lib/thumb/v7e-m/fpv4-sp/hard\libc_nano.a
LOAD C:/NXP/S32DS.3.3/S32DS/build_tools/gcc_b1620/gcc-6.3-arm32-eabi/arm-none-eabi/newlib/lib/thumb/v7e-m/fpv4-sp/hard\libnosys.a
END GROUP
START GROUP
LOAD c:/nxp/s32ds.3.3/s32ds/build_tools/gcc_v6.3/gcc-6.3-arm32-eabi/bin/../lib/gcc/arm-none-eabi/6.3.1/thumb/v7e-m/fpv4-sp/hard\libgcc.a
LOAD C:/NXP/S32DS.3.3/S32DS/build_tools/gcc_b1620/gcc-6.3-arm32-eabi/arm-none-eabi/newlib/lib/thumb/v7e-m/fpv4-sp/hard\libc_nano.a
LOAD C:/NXP/S32DS.3.3/S32DS/build_tools/gcc_b1620/gcc-6.3-arm32-eabi/arm-none-eabi/newlib/lib/thumb/v7e-m/fpv4-sp/hard\libnosys.a
END GROUP
LOAD c:/nxp/s32ds.3.3/s32ds/build_tools/gcc_v6.3/gcc-6.3-arm32-eabi/bin/../lib/gcc/arm-none-eabi/6.3.1/thumb/v7e-m/fpv4-sp/hard/crtend.o
LOAD c:/nxp/s32ds.3.3/s32ds/build_tools/gcc_v6.3/gcc-6.3-arm32-eabi/bin/../lib/gcc/arm-none-eabi/6.3.1/thumb/v7e-m/fpv4-sp/hard/crtn.o
                0x00000400                HEAP_SIZE = DEFINED (__heap_size__)?__heap_size__:0x400
                0x00000400                STACK_SIZE = DEFINED (__stack_size__)?__stack_size__:0x400

.interrupts     0x1ffe0000      0x400
                0x1ffe0000                __VECTOR_TABLE = .
                0x1ffe0000                __interrupts_start__ = .
                0x1ffe0000                . = ALIGN (0x4)
 *(.isr_vector)
 .isr_vector    0x1ffe0000      0x400 ./Project_Settings/Startup_Code/startup_S32K148.o
                0x1ffe0000                __isr_vector
                0x1ffe0400                __interrupts_end__ = .
                0x1ffe0400                . = ALIGN (0x4)
                0x1ffe0000                __VECTOR_RAM = __VECTOR_TABLE
                0x00000000                __RAM_VECTOR_TABLE_SIZE = 0x0

.text           0x1ffe0400     0x167c
                0x1ffe0400                . = ALIGN (0x4)
 *(.text)
 .text          0x1ffe0400       0x4c ./Project_Settings/Startup_Code/startup_S32K148.o
                0x1ffe0400                Reset_Handler
                0x1ffe0448                FTM5_Ch2_Ch3_IRQHandler
                0x1ffe0448                DebugMon_Handler
                0x1ffe0448                CAN0_ORed_IRQHandler
                0x1ffe0448                HardFault_Handler
                0x1ffe0448                FTM7_Ch2_Ch3_IRQHandler
                0x1ffe0448                Reserved103_IRQHandler
                0x1ffe0448                FTM7_Ch6_Ch7_IRQHandler
                0x1ffe0448                FTM2_Ovf_Reload_IRQHandler
                0x1ffe0448                Reserved50_IRQHandler
                0x1ffe0448                FTFC_Fault_IRQHandler
                0x1ffe0448                FTM0_Ch6_Ch7_IRQHandler
                0x1ffe0448                Reserved114_IRQHandler
                0x1ffe0448                PendSV_Handler
                0x1ffe0448                NMI_Handler
                0x1ffe0448                ERM_double_fault_IRQHandler
                0x1ffe0448                Reserved59_IRQHandler
                0x1ffe0448                LPIT0_Ch0_IRQHandler
                0x1ffe0448                Reserved99_IRQHandler
                0x1ffe0448                FTM7_Ch4_Ch5_IRQHandler
                0x1ffe0448                FTM3_Ch6_Ch7_IRQHandler
                0x1ffe0448                CAN2_ORed_0_15_MB_IRQHandler
                0x1ffe0448                LPIT0_Ch3_IRQHandler
                0x1ffe0448                LPI2C1_Master_IRQHandler
                0x1ffe0448                FTM0_Ch4_Ch5_IRQHandler
                0x1ffe0448                CAN1_Error_IRQHandler
                0x1ffe0448                FTM4_Ch6_Ch7_IRQHandler
                0x1ffe0448                FTM3_Ch0_Ch1_IRQHandler
                0x1ffe0448                SWI_IRQHandler
                0x1ffe0448                ADC0_IRQHandler
                0x1ffe0448                FTM2_Ch4_Ch5_IRQHandler
                0x1ffe0448                UsageFault_Handler
                0x1ffe0448                FTM0_Ovf_Reload_IRQHandler
                0x1ffe0448                FTM4_Fault_IRQHandler
                0x1ffe0448                DefaultISR
                0x1ffe0448                Reserved58_IRQHandler
                0x1ffe0448                FTM7_Fault_IRQHandler
                0x1ffe0448                LPI2C1_Slave_IRQHandler
                0x1ffe0448                CAN1_ORed_0_15_MB_IRQHandler
                0x1ffe0448                FTM1_Ch2_Ch3_IRQHandler
                0x1ffe0448                Reserved82_IRQHandler
                0x1ffe0448                CAN0_ORed_16_31_MB_IRQHandler
                0x1ffe0448                LPI2C0_Slave_IRQHandler
                0x1ffe0448                PORTD_IRQHandler
                0x1ffe0448                SAI1_Rx_IRQHandler
                0x1ffe0448                Reserved69_IRQHandler
                0x1ffe0448                PORTB_IRQHandler
                0x1ffe0448                Reserved70_IRQHandler
                0x1ffe0448                ADC1_IRQHandler
                0x1ffe0448                FTM2_Ch2_Ch3_IRQHandler
                0x1ffe0448                FTM5_Ch0_Ch1_IRQHandler
                0x1ffe0448                Reserved53_IRQHandler
                0x1ffe0448                RTC_IRQHandler
                0x1ffe0448                PDB0_IRQHandler
                0x1ffe0448                Reserved54_IRQHandler
                0x1ffe0448                FTM6_Fault_IRQHandler
                0x1ffe0448                FTM2_Ch6_Ch7_IRQHandler
                0x1ffe0448                FTM6_Ch4_Ch5_IRQHandler
                0x1ffe0448                FTM3_Ch2_Ch3_IRQHandler
                0x1ffe0448                FTM6_Ch2_Ch3_IRQHandler
                0x1ffe0448                FTM2_Ch0_Ch1_IRQHandler
                0x1ffe0448                LPSPI1_IRQHandler
                0x1ffe0448                LPUART1_RxTx_IRQHandler
                0x1ffe0448                FTM4_Ovf_Reload_IRQHandler
                0x1ffe0448                RTC_Seconds_IRQHandler
                0x1ffe0448                FTM7_Ch0_Ch1_IRQHandler
                0x1ffe0448                CAN2_ORed_IRQHandler
                0x1ffe0448                Reserved110_IRQHandler
                0x1ffe0448                Reserved107_IRQHandler
                0x1ffe0448                ENET_TIMER_IRQHandler
                0x1ffe0448                Read_Collision_IRQHandler
                0x1ffe0448                CAN2_Error_IRQHandler
                0x1ffe0448                FTFC_IRQHandler
                0x1ffe0448                FTM1_Ch6_Ch7_IRQHandler
                0x1ffe0448                FTM5_Fault_IRQHandler
                0x1ffe0448                FTM6_Ovf_Reload_IRQHandler
                0x1ffe0448                LPIT0_Ch1_IRQHandler
                0x1ffe0448                FTM4_Ch0_Ch1_IRQHandler
                0x1ffe0448                FTM1_Ch4_Ch5_IRQHandler
                0x1ffe0448                FTM3_Ovf_Reload_IRQHandler
                0x1ffe0448                SAI0_Tx_IRQHandler
                0x1ffe0448                LPUART2_RxTx_IRQHandler
                0x1ffe0448                FTM5_Ch4_Ch5_IRQHandler
                0x1ffe0448                LPSPI0_IRQHandler
                0x1ffe0448                WDOG_EWM_IRQHandler
                0x1ffe0448                MemManage_Handler
                0x1ffe0448                Reserved83_IRQHandler
                0x1ffe0448                FTM0_Fault_IRQHandler
                0x1ffe0448                FTM6_Ch6_Ch7_IRQHandler
                0x1ffe0448                Reserved48_IRQHandler
                0x1ffe0448                SVC_Handler
                0x1ffe0448                ENET_TX_IRQHandler
                0x1ffe0448                ERM_single_fault_IRQHandler
                0x1ffe0448                FTM2_Fault_IRQHandler
                0x1ffe0448                FTM0_Ch2_Ch3_IRQHandler
                0x1ffe0448                FTM4_Ch2_Ch3_IRQHandler
                0x1ffe0448                FTM0_Ch0_Ch1_IRQHandler
                0x1ffe0448                FTM4_Ch4_Ch5_IRQHandler
                0x1ffe0448                FTM5_Ovf_Reload_IRQHandler
                0x1ffe0448                FTM3_Fault_IRQHandler
                0x1ffe0448                RCM_IRQHandler
                0x1ffe0448                Reserved100_IRQHandler
                0x1ffe0448                CAN1_ORed_IRQHandler
                0x1ffe0448                SAI0_Rx_IRQHandler
                0x1ffe0448                SCG_IRQHandler
                0x1ffe0448                PDB1_IRQHandler
                0x1ffe0448                CAN2_ORed_16_31_MB_IRQHandler
                0x1ffe0448                CAN0_Error_IRQHandler
                0x1ffe0448                LPI2C0_Master_IRQHandler
                0x1ffe0448                ENET_WAKE_IRQHandler
                0x1ffe0448                FTM1_Fault_IRQHandler
                0x1ffe0448                Reserved106_IRQHandler
                0x1ffe0448                ENET_ERR_IRQHandler
                0x1ffe0448                LVD_LVW_IRQHandler
                0x1ffe0448                ENET_STOP_IRQHandler
                0x1ffe0448                ENET_RX_IRQHandler
                0x1ffe0448                LPIT0_Ch2_IRQHandler
                0x1ffe0448                PORTA_IRQHandler
                0x1ffe0448                FTM5_Ch6_Ch7_IRQHandler
                0x1ffe0448                CAN1_ORed_16_31_MB_IRQHandler
                0x1ffe0448                MCM_IRQHandler
                0x1ffe0448                LPSPI2_IRQHandler
                0x1ffe0448                FTM7_Ovf_Reload_IRQHandler
                0x1ffe0448                FTM3_Ch4_Ch5_IRQHandler
                0x1ffe0448                CAN0_ORed_0_15_MB_IRQHandler
                0x1ffe0448                PORTE_IRQHandler
                0x1ffe0448                LPUART0_RxTx_IRQHandler
                0x1ffe0448                FTM6_Ch0_Ch1_IRQHandler
                0x1ffe0448                LPTMR0_IRQHandler
                0x1ffe0448                BusFault_Handler
                0x1ffe0448                FTM1_Ovf_Reload_IRQHandler
                0x1ffe0448                CAN0_Wake_Up_IRQHandler
                0x1ffe0448                QSPI_IRQHandler
                0x1ffe0448                CMP0_IRQHandler
                0x1ffe0448                Reserved52_IRQHandler
                0x1ffe0448                PORTC_IRQHandler
                0x1ffe0448                FTM1_Ch0_Ch1_IRQHandler
                0x1ffe0448                FLEXIO_IRQHandler
                0x1ffe0448                SAI1_Tx_IRQHandler
                0x1ffe0448                Reserved113_IRQHandler
 *(.text*)
 .text.SystemInit
                0x1ffe044c       0x4c ./SDK/platform/devices/S32K148/startup/system_S32K148.o
                0x1ffe044c                SystemInit
 .text.init_data_bss
                0x1ffe0498       0xd8 ./SDK/platform/devices/startup.o
                0x1ffe0498                init_data_bss
 .text.CLOCK_SYS_GetCurrentRunMode
                0x1ffe0570       0x24 ./SDK/platform/drivers/src/clock/S32K1xx/clock_S32K1xx.o
 .text.CLOCK_SYS_GetSysOscFreq
                0x1ffe0594       0x1c ./SDK/platform/drivers/src/clock/S32K1xx/clock_S32K1xx.o
 .text.CLOCK_SYS_ConfigureSOSC
                0x1ffe05b0      0x12c ./SDK/platform/drivers/src/clock/S32K1xx/clock_S32K1xx.o
 .text.CLOCK_SYS_GetSircFreq
                0x1ffe06dc       0x2c ./SDK/platform/drivers/src/clock/S32K1xx/clock_S32K1xx.o
 .text.CLOCK_SYS_ConfigureSIRC
                0x1ffe0708       0xc4 ./SDK/platform/drivers/src/clock/S32K1xx/clock_S32K1xx.o
 .text.CLOCK_SYS_GetFircFreq
                0x1ffe07cc       0x20 ./SDK/platform/drivers/src/clock/S32K1xx/clock_S32K1xx.o
 .text.CLOCK_SYS_ConfigureFIRC
                0x1ffe07ec       0xb4 ./SDK/platform/drivers/src/clock/S32K1xx/clock_S32K1xx.o
 .text.CLOCK_SYS_GetSysPllFreq
                0x1ffe08a0       0x44 ./SDK/platform/drivers/src/clock/S32K1xx/clock_S32K1xx.o
 .text.CLOCK_SYS_ConfigureSPLL
                0x1ffe08e4      0x12c ./SDK/platform/drivers/src/clock/S32K1xx/clock_S32K1xx.o
 .text.CLOCK_SYS_SetSystemClockConfig
                0x1ffe0a10      0x204 ./SDK/platform/drivers/src/clock/S32K1xx/clock_S32K1xx.o
 .text.CLOCK_SYS_TransitionSystemClock
                0x1ffe0c14       0x54 ./SDK/platform/drivers/src/clock/S32K1xx/clock_S32K1xx.o
 .text.CLOCK_DRV_Init
                0x1ffe0c68      0x674 ./SDK/platform/drivers/src/clock/S32K1xx/clock_S32K1xx.o
                0x1ffe0c68                CLOCK_DRV_Init
 .text.EDMA_DRV_ClearIntStatus
                0x1ffe12dc       0x20 ./SDK/platform/drivers/src/edma/edma_driver.o
 .text.EDMA_DRV_IRQHandler
                0x1ffe12fc       0x20 ./SDK/platform/drivers/src/edma/edma_driver.o
                0x1ffe12fc                EDMA_DRV_IRQHandler
 .text.EDMA_DRV_ErrorIRQHandler
                0x1ffe131c       0x40 ./SDK/platform/drivers/src/edma/edma_driver.o
                0x1ffe131c                EDMA_DRV_ErrorIRQHandler
 .text.EDMA_DRV_GetDmaRegBaseAddr
                0x1ffe135c       0x10 ./SDK/platform/drivers/src/edma/edma_driver.o
                0x1ffe135c                EDMA_DRV_GetDmaRegBaseAddr
 .text.EDMA_SetDmaRequestCmd
                0x1ffe136c        0xa ./SDK/platform/drivers/src/edma/edma_hw_access.o
                0x1ffe136c                EDMA_SetDmaRequestCmd
 .text.DMA0_IRQHandler
                0x1ffe1376        0xa ./SDK/platform/drivers/src/edma/edma_irq.o
                0x1ffe1376                DMA0_IRQHandler
 .text.DMA1_IRQHandler
                0x1ffe1380        0xa ./SDK/platform/drivers/src/edma/edma_irq.o
                0x1ffe1380                DMA1_IRQHandler
 .text.DMA2_IRQHandler
                0x1ffe138a        0xa ./SDK/platform/drivers/src/edma/edma_irq.o
                0x1ffe138a                DMA2_IRQHandler
 .text.DMA3_IRQHandler
                0x1ffe1394        0xa ./SDK/platform/drivers/src/edma/edma_irq.o
                0x1ffe1394                DMA3_IRQHandler
 .text.DMA4_IRQHandler
                0x1ffe139e        0xa ./SDK/platform/drivers/src/edma/edma_irq.o
                0x1ffe139e                DMA4_IRQHandler
 .text.DMA5_IRQHandler
                0x1ffe13a8        0xa ./SDK/platform/drivers/src/edma/edma_irq.o
                0x1ffe13a8                DMA5_IRQHandler
 .text.DMA6_IRQHandler
                0x1ffe13b2        0xa ./SDK/platform/drivers/src/edma/edma_irq.o
                0x1ffe13b2                DMA6_IRQHandler
 .text.DMA7_IRQHandler
                0x1ffe13bc        0xa ./SDK/platform/drivers/src/edma/edma_irq.o
                0x1ffe13bc                DMA7_IRQHandler
 .text.DMA8_IRQHandler
                0x1ffe13c6        0xa ./SDK/platform/drivers/src/edma/edma_irq.o
                0x1ffe13c6                DMA8_IRQHandler
 .text.DMA9_IRQHandler
                0x1ffe13d0        0xa ./SDK/platform/drivers/src/edma/edma_irq.o
                0x1ffe13d0                DMA9_IRQHandler
 .text.DMA10_IRQHandler
                0x1ffe13da        0xa ./SDK/platform/drivers/src/edma/edma_irq.o
                0x1ffe13da                DMA10_IRQHandler
 .text.DMA11_IRQHandler
                0x1ffe13e4        0xa ./SDK/platform/drivers/src/edma/edma_irq.o
                0x1ffe13e4                DMA11_IRQHandler
 .text.DMA12_IRQHandler
                0x1ffe13ee        0xa ./SDK/platform/drivers/src/edma/edma_irq.o
                0x1ffe13ee                DMA12_IRQHandler
 .text.DMA13_IRQHandler
                0x1ffe13f8        0xa ./SDK/platform/drivers/src/edma/edma_irq.o
                0x1ffe13f8                DMA13_IRQHandler
 .text.DMA14_IRQHandler
                0x1ffe1402        0xa ./SDK/platform/drivers/src/edma/edma_irq.o
                0x1ffe1402                DMA14_IRQHandler
 .text.DMA15_IRQHandler
                0x1ffe140c        0xa ./SDK/platform/drivers/src/edma/edma_irq.o
                0x1ffe140c                DMA15_IRQHandler
 .text.DMA_Error_IRQHandler
                0x1ffe1416       0x28 ./SDK/platform/drivers/src/edma/edma_irq.o
                0x1ffe1416                DMA_Error_IRQHandler
 .text.PINS_DRV_Init
                0x1ffe143e       0x20 ./SDK/platform/drivers/src/pins/pins_driver.o
                0x1ffe143e                PINS_DRV_Init
 .text.PINS_DRV_SetPins
                0x1ffe145e        0x4 ./SDK/platform/drivers/src/pins/pins_driver.o
                0x1ffe145e                PINS_DRV_SetPins
 .text.PINS_DRV_ClearPins
                0x1ffe1462        0x4 ./SDK/platform/drivers/src/pins/pins_driver.o
                0x1ffe1462                PINS_DRV_ClearPins
 *fill*         0x1ffe1466        0x2 
 .text.PINS_GetAdcInterleaveVal
                0x1ffe1468       0x70 ./SDK/platform/drivers/src/pins/pins_port_hw_access.o
 .text.PINS_Init
                0x1ffe14d8      0x138 ./SDK/platform/drivers/src/pins/pins_port_hw_access.o
                0x1ffe14d8                PINS_Init
 .text.SysTick_Handler
                0x1ffe1610       0x10 ./SDK/rtos/osif/osif_baremetal.o
                0x1ffe1610                SysTick_Handler
 .text.SOSC_init_8MHz
                0x1ffe1620       0x38 ./src/main.o
                0x1ffe1620                SOSC_init_8MHz
 .text.SPLL_init_160MHz
                0x1ffe1658       0x4c ./src/main.o
                0x1ffe1658                SPLL_init_160MHz
 .text.NormalRUNmode_80MHz
                0x1ffe16a4       0x1c ./src/main.o
                0x1ffe16a4                NormalRUNmode_80MHz
 .text.LPUART1_init
                0x1ffe16c0       0x34 ./src/main.o
                0x1ffe16c0                LPUART1_init
 .text.LPUART1_transmit_char
                0x1ffe16f4       0x14 ./src/main.o
                0x1ffe16f4                LPUART1_transmit_char
 .text.LPUART1_transmit_string
                0x1ffe1708       0x16 ./src/main.o
                0x1ffe1708                LPUART1_transmit_string
 *fill*         0x1ffe171e        0x2 
 .text.LPUART1_receive_char
                0x1ffe1720       0x18 ./src/main.o
                0x1ffe1720                LPUART1_receive_char
 .text.LPUART1_receive_and_echo_char
                0x1ffe1738       0x94 ./src/main.o
                0x1ffe1738                LPUART1_receive_and_echo_char
 .text.PORT_init
                0x1ffe17cc       0x2c ./src/main.o
                0x1ffe17cc                PORT_init
 .text.WDOG_disable
                0x1ffe17f8       0x1c ./src/main.o
                0x1ffe17f8                WDOG_disable
 .text.main     0x1ffe1814       0x60 ./src/main.o
                0x1ffe1814                main
 *(.rodata)
 *(.rodata*)
 .rodata.clockNameMappings
                0x1ffe1874       0xb8 ./SDK/platform/drivers/src/clock/S32K1xx/clock_S32K1xx.o
                0x1ffe1874                clockNameMappings
 .rodata.maxSysClksInHSRUN.7996
                0x1ffe192c       0x54 ./SDK/platform/drivers/src/clock/S32K1xx/clock_S32K1xx.o
 .rodata.maxSysClksInRUN.7995
                0x1ffe1980       0x54 ./SDK/platform/drivers/src/clock/S32K1xx/clock_S32K1xx.o
 .rodata.maxSysClksInVLPR.7994
                0x1ffe19d4       0x54 ./SDK/platform/drivers/src/clock/S32K1xx/clock_S32K1xx.o
 .rodata.LPUART1_receive_and_echo_char.str1.4
                0x1ffe1a28       0x28 ./src/main.o
 .rodata.main.str1.4
                0x1ffe1a50       0x24 ./src/main.o
 *(.init)
 .init          0x1ffe1a74        0x4 c:/nxp/s32ds.3.3/s32ds/build_tools/gcc_v6.3/gcc-6.3-arm32-eabi/bin/../lib/gcc/arm-none-eabi/6.3.1/thumb/v7e-m/fpv4-sp/hard/crti.o
                0x1ffe1a74                _init
 *(.fini)
 .fini          0x1ffe1a78        0x4 c:/nxp/s32ds.3.3/s32ds/build_tools/gcc_v6.3/gcc-6.3-arm32-eabi/bin/../lib/gcc/arm-none-eabi/6.3.1/thumb/v7e-m/fpv4-sp/hard/crti.o
                0x1ffe1a78                _fini
 *(.eh_frame)
                0x1ffe1a7c                . = ALIGN (0x4)

.glue_7         0x1ffe1a7c        0x0
 .glue_7        0x1ffe1a7c        0x0 linker stubs

.glue_7t        0x1ffe1a7c        0x0
 .glue_7t       0x1ffe1a7c        0x0 linker stubs

.vfp11_veneer   0x1ffe1a7c        0x0
 .vfp11_veneer  0x1ffe1a7c        0x0 linker stubs

.v4_bx          0x1ffe1a7c        0x0
 .v4_bx         0x1ffe1a7c        0x0 linker stubs

.iplt           0x1ffe1a7c        0x0
 .iplt          0x1ffe1a7c        0x0 c:/nxp/s32ds.3.3/s32ds/build_tools/gcc_v6.3/gcc-6.3-arm32-eabi/bin/../lib/gcc/arm-none-eabi/6.3.1/thumb/v7e-m/fpv4-sp/hard/crtbegin.o

.rel.dyn        0x1ffe1a7c        0x0
 .rel.iplt      0x1ffe1a7c        0x0 c:/nxp/s32ds.3.3/s32ds/build_tools/gcc_v6.3/gcc-6.3-arm32-eabi/bin/../lib/gcc/arm-none-eabi/6.3.1/thumb/v7e-m/fpv4-sp/hard/crtbegin.o

.ARM            0x1ffe1a7c        0x0
                0x1ffe1a7c                __exidx_start = .
 *(.ARM.exidx*)
                0x1ffe1a7c                __exidx_end = .

.code_ram       0x1ffe1a7c        0x0
                0x1ffe1a7c                . = ALIGN (0x4)
                0x1ffe1a7c                __CODE_RAM = .
                0x1ffe1a7c                __code_ram_start__ = .
 *(.code_ram)
                0x1ffe1a7c                __CODE_ROM = .
                0x1ffe1a7c                __CODE_END = .
                0x1ffe1a7c                __code_ram_end__ = .
                0x1ffe1a7c                . = ALIGN (0x4)
                0x1ffe1a7c                __etext = .
                0x1ffe1a7c                __DATA_ROM = .
                0x1ffe1a7c                __DATA_END = __DATA_ROM

.customSectionBlock
                0x20000000        0x0
                0x20000000                __customSection_start__ = .
 *(.customSection)
                0x20000000                __customSection_end__ = .
                0x20000000                __CUSTOM_ROM = .
                0x20000000                __CUSTOM_END = .

.data           0x20000000      0x2c8
                0x20000000                . = ALIGN (0x4)
                0x20000000                __DATA_RAM = .
                0x20000000                __data_start__ = .
 *(.data)
 *(.data*)
 .data.peripheralClockConfig.7706
                0x20000000       0xcd ./SDK/platform/drivers/src/clock/S32K1xx/clock_S32K1xx.o
 *fill*         0x200000cd        0x3 
 .data.clockMan1_InitConfig0
                0x200000d0       0x98 ./board/clock_config.o
                0x200000d0                clockMan1_InitConfig0
 .data.peripheralClockConfig0
                0x20000168       0xcd ./board/clock_config.o
                0x20000168                peripheralClockConfig0
 *fill*         0x20000235        0x3 
 .data.g_pin_mux_InitConfigArr0
                0x20000238       0x90 ./board/pin_mux.o
                0x20000238                g_pin_mux_InitConfigArr0
                0x200002c8                . = ALIGN (0x4)
                0x200002c8                __data_end__ = .

.igot.plt       0x200002c8        0x0
 .igot.plt      0x200002c8        0x0 c:/nxp/s32ds.3.3/s32ds/build_tools/gcc_v6.3/gcc-6.3-arm32-eabi/bin/../lib/gcc/arm-none-eabi/6.3.1/thumb/v7e-m/fpv4-sp/hard/crtbegin.o

.bss            0x200002c8       0x1c
                0x200002c8                . = ALIGN (0x4)
                0x200002c8                __BSS_START = .
                0x200002c8                __bss_start__ = .
 *(.bss)
 *(.bss*)
 .bss.s_virtEdmaState
                0x200002c8        0x4 ./SDK/platform/drivers/src/edma/edma_driver.o
 .bss.s_osif_tick_cnt
                0x200002cc        0x4 ./SDK/rtos/osif/osif_baremetal.o
 *(COMMON)
 COMMON         0x200002d0       0x14 ./SDK/platform/drivers/src/clock/S32K1xx/clock_S32K1xx.o
                0x200002d0                g_xtal0ClkFreq
                0x200002d4                g_RtcClkInFreq
                0x200002d8                g_TClkFreq
                0x200002e4                . = ALIGN (0x4)
                0x200002e4                __bss_end__ = .
                0x200002e4                __BSS_END = .

.heap           0x200002e4      0x404
                0x200002e8                . = ALIGN (0x8)
 *fill*         0x200002e4        0x4 
                0x200002e8                __end__ = .
                0x200002e8                __heap_start__ = .
                [!provide]                PROVIDE (end, .)
                [!provide]                PROVIDE (_end, .)
                [!provide]                PROVIDE (__end, .)
                0x200002e8                __HeapBase = .
                0x200006e8                . = (. + HEAP_SIZE)
 *fill*         0x200002e8      0x400 
                0x200006e8                __HeapLimit = .
                0x200006e8                __heap_limit = .
                0x200006e8                __heap_end__ = .
                0x2001f000                __StackTop = (ORIGIN (m_data) + LENGTH (m_data))
                0x2001ec00                __StackLimit = (__StackTop - STACK_SIZE)
                0x2001f000                PROVIDE (__stack, __StackTop)

.stack          0x2001ec00      0x400
                0x2001ec00                . = ALIGN (0x8)
                0x2001ec00                __stack_start__ = .
                0x2001f000                . = (. + STACK_SIZE)
 *fill*         0x2001ec00      0x400 
                0x2001f000                __stack_end__ = .

.ARM.attributes
                0x00000000       0x30
 *(.ARM.attributes)
 .ARM.attributes
                0x00000000       0x22 c:/nxp/s32ds.3.3/s32ds/build_tools/gcc_v6.3/gcc-6.3-arm32-eabi/bin/../lib/gcc/arm-none-eabi/6.3.1/thumb/v7e-m/fpv4-sp/hard/crti.o
 .ARM.attributes
                0x00000022       0x1f ./Project_Settings/Startup_Code/startup_S32K148.o
 .ARM.attributes
                0x00000041       0x39 ./SDK/platform/devices/S32K148/startup/system_S32K148.o
 .ARM.attributes
                0x0000007a       0x39 ./SDK/platform/devices/startup.o
 .ARM.attributes
                0x000000b3       0x39 ./SDK/platform/drivers/src/clock/S32K1xx/clock_S32K1xx.o
 .ARM.attributes
                0x000000ec       0x39 ./SDK/platform/drivers/src/edma/edma_driver.o
 .ARM.attributes
                0x00000125       0x39 ./SDK/platform/drivers/src/edma/edma_hw_access.o
 .ARM.attributes
                0x0000015e       0x39 ./SDK/platform/drivers/src/edma/edma_irq.o
 .ARM.attributes
                0x00000197       0x39 ./SDK/platform/drivers/src/pins/pins_driver.o
 .ARM.attributes
                0x000001d0       0x39 ./SDK/platform/drivers/src/pins/pins_port_hw_access.o
 .ARM.attributes
                0x00000209       0x39 ./SDK/rtos/osif/osif_baremetal.o
 .ARM.attributes
                0x00000242       0x39 ./board/clock_config.o
 .ARM.attributes
                0x0000027b       0x39 ./board/pin_mux.o
 .ARM.attributes
                0x000002b4       0x39 ./src/main.o
                0x00000001                ASSERT ((__StackLimit >= __HeapLimit), region m_data overflowed with stack and heap)

/DISCARD/
 *(.FlashConfig)
OUTPUT(BT_LED_.elf elf32-littlearm)

.debug_line     0x00000000     0x5c5c
 .debug_line    0x00000000       0xc1 ./Project_Settings/Startup_Code/startup_S32K148.o
 .debug_line    0x000000c1      0x427 ./SDK/platform/devices/S32K148/startup/system_S32K148.o
 .debug_line    0x000004e8      0x3b1 ./SDK/platform/devices/startup.o
 .debug_line    0x00000899     0x162b ./SDK/platform/drivers/src/clock/S32K1xx/clock_S32K1xx.o
 .debug_line    0x00001ec4     0x10cd ./SDK/platform/drivers/src/edma/edma_driver.o
 .debug_line    0x00002f91      0x5b4 ./SDK/platform/drivers/src/edma/edma_hw_access.o
 .debug_line    0x00003545      0x51b ./SDK/platform/drivers/src/edma/edma_irq.o
 .debug_line    0x00003a60      0x6f1 ./SDK/platform/drivers/src/pins/pins_driver.o
 .debug_line    0x00004151      0x5b0 ./SDK/platform/drivers/src/pins/pins_port_hw_access.o
 .debug_line    0x00004701      0x61e ./SDK/rtos/osif/osif_baremetal.o
 .debug_line    0x00004d1f      0x451 ./board/clock_config.o
 .debug_line    0x00005170      0x3ea ./board/pin_mux.o
 .debug_line    0x0000555a      0x702 ./src/main.o

.debug_info     0x00000000    0x13566
 .debug_info    0x00000000       0x26 ./Project_Settings/Startup_Code/startup_S32K148.o
 .debug_info    0x00000026      0x65f ./SDK/platform/devices/S32K148/startup/system_S32K148.o
 .debug_info    0x00000685      0x2ad ./SDK/platform/devices/startup.o
 .debug_info    0x00000932     0x6b2c ./SDK/platform/drivers/src/clock/S32K1xx/clock_S32K1xx.o
 .debug_info    0x0000745e     0x4a34 ./SDK/platform/drivers/src/edma/edma_driver.o
 .debug_info    0x0000be92      0xa56 ./SDK/platform/drivers/src/edma/edma_hw_access.o
 .debug_info    0x0000c8e8      0x6de ./SDK/platform/drivers/src/edma/edma_irq.o
 .debug_info    0x0000cfc6     0x14b7 ./SDK/platform/drivers/src/pins/pins_driver.o
 .debug_info    0x0000e47d      0x9a5 ./SDK/platform/drivers/src/pins/pins_port_hw_access.o
 .debug_info    0x0000ee22      0xc38 ./SDK/rtos/osif/osif_baremetal.o
 .debug_info    0x0000fa5a     0x1337 ./board/clock_config.o
 .debug_info    0x00010d91      0x409 ./board/pin_mux.o
 .debug_info    0x0001119a     0x23cc ./src/main.o

.debug_abbrev   0x00000000     0x1ad1
 .debug_abbrev  0x00000000       0x14 ./Project_Settings/Startup_Code/startup_S32K148.o
 .debug_abbrev  0x00000014      0x141 ./SDK/platform/devices/S32K148/startup/system_S32K148.o
 .debug_abbrev  0x00000155       0xe1 ./SDK/platform/devices/startup.o
 .debug_abbrev  0x00000236      0x418 ./SDK/platform/drivers/src/clock/S32K1xx/clock_S32K1xx.o
 .debug_abbrev  0x0000064e      0x414 ./SDK/platform/drivers/src/edma/edma_driver.o
 .debug_abbrev  0x00000a62      0x242 ./SDK/platform/drivers/src/edma/edma_hw_access.o
 .debug_abbrev  0x00000ca4      0x1bb ./SDK/platform/drivers/src/edma/edma_irq.o
 .debug_abbrev  0x00000e5f      0x2f6 ./SDK/platform/drivers/src/pins/pins_driver.o
 .debug_abbrev  0x00001155      0x232 ./SDK/platform/drivers/src/pins/pins_port_hw_access.o
 .debug_abbrev  0x00001387      0x2e1 ./SDK/rtos/osif/osif_baremetal.o
 .debug_abbrev  0x00001668      0x125 ./board/clock_config.o
 .debug_abbrev  0x0000178d       0xcd ./board/pin_mux.o
 .debug_abbrev  0x0000185a      0x277 ./src/main.o

.debug_aranges  0x00000000      0x640
 .debug_aranges
                0x00000000       0x20 ./Project_Settings/Startup_Code/startup_S32K148.o
 .debug_aranges
                0x00000020       0x30 ./SDK/platform/devices/S32K148/startup/system_S32K148.o
 .debug_aranges
                0x00000050       0x20 ./SDK/platform/devices/startup.o
 .debug_aranges
                0x00000070      0x138 ./SDK/platform/drivers/src/clock/S32K1xx/clock_S32K1xx.o
 .debug_aranges
                0x000001a8      0x140 ./SDK/platform/drivers/src/edma/edma_driver.o
 .debug_aranges
                0x000002e8       0x88 ./SDK/platform/drivers/src/edma/edma_hw_access.o
 .debug_aranges
                0x00000370       0xa0 ./SDK/platform/drivers/src/edma/edma_irq.o
 .debug_aranges
                0x00000410       0xe0 ./SDK/platform/drivers/src/pins/pins_driver.o
 .debug_aranges
                0x000004f0       0x40 ./SDK/platform/drivers/src/pins/pins_port_hw_access.o
 .debug_aranges
                0x00000530       0x70 ./SDK/rtos/osif/osif_baremetal.o
 .debug_aranges
                0x000005a0       0x18 ./board/clock_config.o
 .debug_aranges
                0x000005b8       0x18 ./board/pin_mux.o
 .debug_aranges
                0x000005d0       0x70 ./src/main.o

.debug_str      0x00000000    0x853d0
 .debug_str     0x00000000       0xb3 ./Project_Settings/Startup_Code/startup_S32K148.o
 .debug_str     0x000000b3    0x7d156 ./SDK/platform/devices/S32K148/startup/system_S32K148.o
                              0x7d2dc (size before relaxing)
 .debug_str     0x0007d209      0x399 ./SDK/platform/devices/startup.o
                              0x7d3f9 (size before relaxing)
 .debug_str     0x0007d5a2     0x4510 ./SDK/platform/drivers/src/clock/S32K1xx/clock_S32K1xx.o
                              0x81923 (size before relaxing)
 .debug_str     0x00081ab2     0x22c5 ./SDK/platform/drivers/src/edma/edma_driver.o
                              0x8065b (size before relaxing)
 .debug_str     0x00083d77       0x46 ./SDK/platform/drivers/src/edma/edma_hw_access.o
                              0x7d95d (size before relaxing)
 .debug_str     0x00083dbd      0x162 ./SDK/platform/drivers/src/edma/edma_irq.o
                              0x7d668 (size before relaxing)
 .debug_str     0x00083f1f      0x9dc ./SDK/platform/drivers/src/pins/pins_driver.o
                              0x7e555 (size before relaxing)
 .debug_str     0x000848fb      0x1d4 ./SDK/platform/drivers/src/pins/pins_port_hw_access.o
                              0x7da3d (size before relaxing)
 .debug_str     0x00084acf      0x226 ./SDK/rtos/osif/osif_baremetal.o
                              0x7e4bb (size before relaxing)
 .debug_str     0x00084cf5       0xda ./board/clock_config.o
                              0x7f4a3 (size before relaxing)
 .debug_str     0x00084dcf       0x53 ./board/pin_mux.o
                              0x7d6f5 (size before relaxing)
 .debug_str     0x00084e22      0x5ae ./src/main.o
                              0x80746 (size before relaxing)

.debug_loc      0x00000000     0xa210
 .debug_loc     0x00000000       0xeb ./SDK/platform/devices/S32K148/startup/system_S32K148.o
 .debug_loc     0x000000eb       0xec ./SDK/platform/devices/startup.o
 .debug_loc     0x000001d7     0x52f9 ./SDK/platform/drivers/src/clock/S32K1xx/clock_S32K1xx.o
 .debug_loc     0x000054d0     0x32fa ./SDK/platform/drivers/src/edma/edma_driver.o
 .debug_loc     0x000087ca      0x7b9 ./SDK/platform/drivers/src/edma/edma_hw_access.o
 .debug_loc     0x00008f83       0x50 ./SDK/platform/drivers/src/edma/edma_irq.o
 .debug_loc     0x00008fd3      0x7c7 ./SDK/platform/drivers/src/pins/pins_driver.o
 .debug_loc     0x0000979a      0x639 ./SDK/platform/drivers/src/pins/pins_port_hw_access.o
 .debug_loc     0x00009dd3      0x353 ./SDK/rtos/osif/osif_baremetal.o
 .debug_loc     0x0000a126       0xea ./src/main.o

.debug_ranges   0x00000000      0x8e8
 .debug_ranges  0x00000000       0x20 ./SDK/platform/devices/S32K148/startup/system_S32K148.o
 .debug_ranges  0x00000020       0x10 ./SDK/platform/devices/startup.o
 .debug_ranges  0x00000030      0x3f8 ./SDK/platform/drivers/src/clock/S32K1xx/clock_S32K1xx.o
 .debug_ranges  0x00000428      0x190 ./SDK/platform/drivers/src/edma/edma_driver.o
 .debug_ranges  0x000005b8       0x90 ./SDK/platform/drivers/src/edma/edma_hw_access.o
 .debug_ranges  0x00000648       0x90 ./SDK/platform/drivers/src/edma/edma_irq.o
 .debug_ranges  0x000006d8       0xd0 ./SDK/platform/drivers/src/pins/pins_driver.o
 .debug_ranges  0x000007a8       0x48 ./SDK/platform/drivers/src/pins/pins_port_hw_access.o
 .debug_ranges  0x000007f0       0x98 ./SDK/rtos/osif/osif_baremetal.o
 .debug_ranges  0x00000888       0x60 ./src/main.o

.debug_macro    0x00000000    0x2646b
 .debug_macro   0x00000000       0xb5 ./SDK/platform/devices/S32K148/startup/system_S32K148.o
 .debug_macro   0x000000b5      0x8d4 ./SDK/platform/devices/S32K148/startup/system_S32K148.o
 .debug_macro   0x00000989       0x10 ./SDK/platform/devices/S32K148/startup/system_S32K148.o
 .debug_macro   0x00000999       0x79 ./SDK/platform/devices/S32K148/startup/system_S32K148.o
 .debug_macro   0x00000a12       0x16 ./SDK/platform/devices/S32K148/startup/system_S32K148.o
 .debug_macro   0x00000a28       0x22 ./SDK/platform/devices/S32K148/startup/system_S32K148.o
 .debug_macro   0x00000a4a       0x4f ./SDK/platform/devices/S32K148/startup/system_S32K148.o
 .debug_macro   0x00000a99       0x51 ./SDK/platform/devices/S32K148/startup/system_S32K148.o
 .debug_macro   0x00000aea       0xef ./SDK/platform/devices/S32K148/startup/system_S32K148.o
 .debug_macro   0x00000bd9       0x6a ./SDK/platform/devices/S32K148/startup/system_S32K148.o
 .debug_macro   0x00000c43      0x1df ./SDK/platform/devices/S32K148/startup/system_S32K148.o
 .debug_macro   0x00000e22    0x11d0a ./SDK/platform/devices/S32K148/startup/system_S32K148.o
 .debug_macro   0x00012b2c      0xd03 ./SDK/platform/devices/S32K148/startup/system_S32K148.o
 .debug_macro   0x0001382f       0x22 ./SDK/platform/devices/S32K148/startup/system_S32K148.o
 .debug_macro   0x00013851       0x2e ./SDK/platform/devices/S32K148/startup/system_S32K148.o
 .debug_macro   0x0001387f       0xb6 ./SDK/platform/devices/startup.o
 .debug_macro   0x00013935    0x11d1c ./SDK/platform/devices/startup.o
 .debug_macro   0x00025651       0x40 ./SDK/platform/devices/startup.o
 .debug_macro   0x00025691      0x2af ./SDK/platform/drivers/src/clock/S32K1xx/clock_S32K1xx.o
 .debug_macro   0x00025940      0x16d ./SDK/platform/drivers/src/clock/S32K1xx/clock_S32K1xx.o
 .debug_macro   0x00025aad       0x16 ./SDK/platform/drivers/src/clock/S32K1xx/clock_S32K1xx.o
 .debug_macro   0x00025ac3       0x8a ./SDK/platform/drivers/src/clock/S32K1xx/clock_S32K1xx.o
 .debug_macro   0x00025b4d       0xf7 ./SDK/platform/drivers/src/edma/edma_driver.o
 .debug_macro   0x00025c44       0x10 ./SDK/platform/drivers/src/edma/edma_driver.o
 .debug_macro   0x00025c54       0x16 ./SDK/platform/drivers/src/edma/edma_driver.o
 .debug_macro   0x00025c6a       0xcc ./SDK/platform/drivers/src/edma/edma_hw_access.o
 .debug_macro   0x00025d36       0xd0 ./SDK/platform/drivers/src/edma/edma_irq.o
 .debug_macro   0x00025e06       0xdd ./SDK/platform/drivers/src/pins/pins_driver.o
 .debug_macro   0x00025ee3       0xdd ./SDK/platform/drivers/src/pins/pins_port_hw_access.o
 .debug_macro   0x00025fc0       0xfb ./SDK/rtos/osif/osif_baremetal.o
 .debug_macro   0x000260bb       0xd8 ./board/clock_config.o
 .debug_macro   0x00026193       0x16 ./board/clock_config.o
 .debug_macro   0x000261a9       0xd9 ./board/pin_mux.o
 .debug_macro   0x00026282      0x1c1 ./src/main.o
 .debug_macro   0x00026443       0x28 ./src/main.o

.comment        0x00000000       0xa0
 .comment       0x00000000       0xa0 ./SDK/platform/devices/S32K148/startup/system_S32K148.o
                                 0xa1 (size before relaxing)
 .comment       0x000000a0       0xa1 ./SDK/platform/devices/startup.o
 .comment       0x000000a0       0xa1 ./SDK/platform/drivers/src/clock/S32K1xx/clock_S32K1xx.o
 .comment       0x000000a0       0xa1 ./SDK/platform/drivers/src/edma/edma_driver.o
 .comment       0x000000a0       0xa1 ./SDK/platform/drivers/src/edma/edma_hw_access.o
 .comment       0x000000a0       0xa1 ./SDK/platform/drivers/src/edma/edma_irq.o
 .comment       0x000000a0       0xa1 ./SDK/platform/drivers/src/pins/pins_driver.o
 .comment       0x000000a0       0xa1 ./SDK/platform/drivers/src/pins/pins_port_hw_access.o
 .comment       0x000000a0       0xa1 ./SDK/rtos/osif/osif_baremetal.o
 .comment       0x000000a0       0xa1 ./board/clock_config.o
 .comment       0x000000a0       0xa1 ./board/pin_mux.o
 .comment       0x000000a0       0xa1 ./src/main.o

.debug_frame    0x00000000      0xf20
 .debug_frame   0x00000000       0x40 ./SDK/platform/devices/S32K148/startup/system_S32K148.o
 .debug_frame   0x00000040       0x2c ./SDK/platform/devices/startup.o
 .debug_frame   0x0000006c      0x3d4 ./SDK/platform/drivers/src/clock/S32K1xx/clock_S32K1xx.o
 .debug_frame   0x00000440      0x3a0 ./SDK/platform/drivers/src/edma/edma_driver.o
 .debug_frame   0x000007e0      0x140 ./SDK/platform/drivers/src/edma/edma_hw_access.o
 .debug_frame   0x00000920      0x1ac ./SDK/platform/drivers/src/edma/edma_irq.o
 .debug_frame   0x00000acc      0x1e4 ./SDK/platform/drivers/src/pins/pins_driver.o
 .debug_frame   0x00000cb0       0xa0 ./SDK/platform/drivers/src/pins/pins_port_hw_access.o
 .debug_frame   0x00000d50       0xf4 ./SDK/rtos/osif/osif_baremetal.o
 .debug_frame   0x00000e44       0xdc ./src/main.o
